// Jest Snapshot v1, https://goo.gl/fbAQLP

exports[`renders correctly 1`] = `
<RCTSafeAreaView
  emulateUnlessSupported={true}
  style={
    Object {
      "backgroundColor": "#fff",
      "flex": 1,
    }
  }
>
  <View
    style={
      Object {
        "alignItems": "center",
        "flexDirection": "row",
        "justifyContent": "space-between",
        "padding": 20,
      }
    }
  >
    <Text
      style={
        Object {
          "color": "#1f145c",
          "fontSize": 20,
          "fontWeight": "bold",
        }
      }
    >
      TODO APP
    </Text>
    <Text
      allowFontScaling={false}
      onPress={[Function]}
      style={
        Array [
          Object {
            "color": "red",
            "fontSize": 25,
          },
          undefined,
          Object {
            "fontFamily": "Material Icons",
            "fontStyle": "normal",
            "fontWeight": "normal",
          },
          Object {},
        ]
      }
    >
      
    </Text>
  </View>
  <RCTScrollView
    contentContainerStyle={
      Object {
        "padding": 20,
        "paddingBottom": 100,
      }
    }
    data={Array []}
    getItem={[Function]}
    getItemCount={[Function]}
    keyExtractor={[Function]}
    onContentSizeChange={[Function]}
    onLayout={[Function]}
    onMomentumScrollBegin={[Function]}
    onMomentumScrollEnd={[Function]}
    onScroll={[Function]}
    onScrollBeginDrag={[Function]}
    onScrollEndDrag={[Function]}
    removeClippedSubviews={false}
    renderItem={[Function]}
    scrollEventThrottle={50}
    showsHorizontalScrollIndicator={false}
    stickyHeaderIndices={Array []}
    viewabilityConfigCallbackPairs={Array []}
  >
    <View />
  </RCTScrollView>
  <View
    style={
      Object {
        "alignItems": "center",
        "bottom": 0,
        "color": "#fff",
        "flexDirection": "row",
        "paddingHorizontal": 20,
        "position": "absolute",
        "width": "100%",
      }
    }
  >
    <View
      style={
        Object {
          "backgroundColor": "#fff",
          "borderRadius": 30,
          "elevation": 40,
          "flex": 1,
          "height": 50,
          "marginRight": 20,
          "marginVertical": 20,
          "paddingHorizontal": 20,
        }
      }
    >
      <TextInput
        onChangeText={[Function]}
        placeholder="Add Todo"
        value=""
      />
    </View>
    <View
      accessible={true}
      collapsable={false}
      focusable={true}
      nativeID="animatedComponent"
      onClick={[Function]}
      onResponderGrant={[Function]}
      onResponderMove={[Function]}
      onResponderRelease={[Function]}
      onResponderTerminate={[Function]}
      onResponderTerminationRequest={[Function]}
      onStartShouldSetResponder={[Function]}
      style={
        Object {
          "opacity": 1,
        }
      }
    >
      <View
        style={
          Object {
            "alignItems": "center",
            "backgroundColor": "#1f145c",
            "borderRadius": 25,
            "elevation": 40,
            "height": 50,
            "justifyContent": "center",
            "width": 50,
          }
        }
      >
        <Text
          allowFontScaling={false}
          style={
            Array [
              Object {
                "color": "#fff",
                "fontSize": 30,
              },
              undefined,
              Object {
                "fontFamily": "Material Icons",
                "fontStyle": "normal",
                "fontWeight": "normal",
              },
              Object {},
            ]
          }
        >
          
        </Text>
      </View>
    </View>
  </View>
</RCTSafeAreaView>
`;
